// Jest Snapshot v1, https://goo.gl/fbAQLP

exports[`Prueba de GifExpertApp Debe de mostrar una lista de categor√≠as 1`] = `
<Fragment>
  <h2>
     GifExpertApp 
  </h2>
  <AddCategory
    setCategories={[Function]}
  />
  <hr />
  <ol
    id="container"
    timeline={
      Timeline {
        "_delay": 0,
        "_dp": Timeline {
          "_delay": 0,
          "_dirty": 1,
          "_dur": 0,
          "_first": Timeline {
            "_delay": 0,
            "_dp": [Circular],
            "_dur": 0,
            "_end": 0,
            "_next": [Circular],
            "_prev": undefined,
            "_repeat": 0,
            "_sort": true,
            "_start": 0,
            "_tDur": 0,
            "_ts": 1,
            "autoRemoveChildren": false,
            "data": undefined,
            "labels": Object {},
            "parent": [Circular],
            "smoothChildTiming": false,
            "vars": Object {},
          },
          "_last": [Circular],
          "_recent": [Circular],
          "_repeat": 0,
          "_sort": false,
          "_tDur": 0,
          "_ts": 1,
          "autoRemoveChildren": true,
          "data": undefined,
          "labels": Object {},
          "smoothChildTiming": true,
          "vars": Object {
            "autoRemoveChildren": true,
            "defaults": Object {
              "delay": 0,
              "duration": 0.5,
              "ease": [Function],
              "overwrite": false,
            },
            "id": "root",
            "smoothChildTiming": true,
            "sortChildren": false,
          },
        },
        "_dur": 0,
        "_end": 0,
        "_next": undefined,
        "_prev": Timeline {
          "_delay": 0,
          "_dp": Timeline {
            "_delay": 0,
            "_dirty": 1,
            "_dur": 0,
            "_first": [Circular],
            "_last": [Circular],
            "_recent": [Circular],
            "_repeat": 0,
            "_sort": false,
            "_tDur": 0,
            "_ts": 1,
            "autoRemoveChildren": true,
            "data": undefined,
            "labels": Object {},
            "smoothChildTiming": true,
            "vars": Object {
              "autoRemoveChildren": true,
              "defaults": Object {
                "delay": 0,
                "duration": 0.5,
                "ease": [Function],
                "overwrite": false,
              },
              "id": "root",
              "smoothChildTiming": true,
              "sortChildren": false,
            },
          },
          "_dur": 0,
          "_end": 0,
          "_next": [Circular],
          "_prev": undefined,
          "_repeat": 0,
          "_sort": true,
          "_start": 0,
          "_tDur": 0,
          "_ts": 1,
          "autoRemoveChildren": false,
          "data": undefined,
          "labels": Object {},
          "parent": Timeline {
            "_delay": 0,
            "_dirty": 1,
            "_dur": 0,
            "_first": [Circular],
            "_last": [Circular],
            "_recent": [Circular],
            "_repeat": 0,
            "_sort": false,
            "_tDur": 0,
            "_ts": 1,
            "autoRemoveChildren": true,
            "data": undefined,
            "labels": Object {},
            "smoothChildTiming": true,
            "vars": Object {
              "autoRemoveChildren": true,
              "defaults": Object {
                "delay": 0,
                "duration": 0.5,
                "ease": [Function],
                "overwrite": false,
              },
              "id": "root",
              "smoothChildTiming": true,
              "sortChildren": false,
            },
          },
          "smoothChildTiming": false,
          "vars": Object {},
        },
        "_repeat": 0,
        "_sort": true,
        "_start": 0,
        "_tDur": 0,
        "_ts": 1,
        "autoRemoveChildren": false,
        "data": undefined,
        "labels": Object {},
        "parent": Timeline {
          "_delay": 0,
          "_dirty": 1,
          "_dur": 0,
          "_first": Timeline {
            "_delay": 0,
            "_dp": [Circular],
            "_dur": 0,
            "_end": 0,
            "_next": [Circular],
            "_prev": undefined,
            "_repeat": 0,
            "_sort": true,
            "_start": 0,
            "_tDur": 0,
            "_ts": 1,
            "autoRemoveChildren": false,
            "data": undefined,
            "labels": Object {},
            "parent": [Circular],
            "smoothChildTiming": false,
            "vars": Object {},
          },
          "_last": [Circular],
          "_recent": [Circular],
          "_repeat": 0,
          "_sort": false,
          "_tDur": 0,
          "_ts": 1,
          "autoRemoveChildren": true,
          "data": undefined,
          "labels": Object {},
          "smoothChildTiming": true,
          "vars": Object {
            "autoRemoveChildren": true,
            "defaults": Object {
              "delay": 0,
              "duration": 0.5,
              "ease": [Function],
              "overwrite": false,
            },
            "id": "root",
            "smoothChildTiming": true,
            "sortChildren": false,
          },
        },
        "smoothChildTiming": false,
        "vars": Object {},
      }
    }
  >
    <GifGrid
      category="Naruto"
      key="Naruto"
    />
  </ol>
  <ol
    id="container"
    timeline={
      Timeline {
        "_delay": 0,
        "_dp": Timeline {
          "_delay": 0,
          "_dirty": 1,
          "_dur": 0,
          "_first": Timeline {
            "_delay": 0,
            "_dp": [Circular],
            "_dur": 0,
            "_end": 0,
            "_next": [Circular],
            "_prev": undefined,
            "_repeat": 0,
            "_sort": true,
            "_start": 0,
            "_tDur": 0,
            "_ts": 1,
            "autoRemoveChildren": false,
            "data": undefined,
            "labels": Object {},
            "parent": [Circular],
            "smoothChildTiming": false,
            "vars": Object {},
          },
          "_last": [Circular],
          "_recent": [Circular],
          "_repeat": 0,
          "_sort": false,
          "_tDur": 0,
          "_ts": 1,
          "autoRemoveChildren": true,
          "data": undefined,
          "labels": Object {},
          "smoothChildTiming": true,
          "vars": Object {
            "autoRemoveChildren": true,
            "defaults": Object {
              "delay": 0,
              "duration": 0.5,
              "ease": [Function],
              "overwrite": false,
            },
            "id": "root",
            "smoothChildTiming": true,
            "sortChildren": false,
          },
        },
        "_dur": 0,
        "_end": 0,
        "_next": undefined,
        "_prev": Timeline {
          "_delay": 0,
          "_dp": Timeline {
            "_delay": 0,
            "_dirty": 1,
            "_dur": 0,
            "_first": [Circular],
            "_last": [Circular],
            "_recent": [Circular],
            "_repeat": 0,
            "_sort": false,
            "_tDur": 0,
            "_ts": 1,
            "autoRemoveChildren": true,
            "data": undefined,
            "labels": Object {},
            "smoothChildTiming": true,
            "vars": Object {
              "autoRemoveChildren": true,
              "defaults": Object {
                "delay": 0,
                "duration": 0.5,
                "ease": [Function],
                "overwrite": false,
              },
              "id": "root",
              "smoothChildTiming": true,
              "sortChildren": false,
            },
          },
          "_dur": 0,
          "_end": 0,
          "_next": [Circular],
          "_prev": undefined,
          "_repeat": 0,
          "_sort": true,
          "_start": 0,
          "_tDur": 0,
          "_ts": 1,
          "autoRemoveChildren": false,
          "data": undefined,
          "labels": Object {},
          "parent": Timeline {
            "_delay": 0,
            "_dirty": 1,
            "_dur": 0,
            "_first": [Circular],
            "_last": [Circular],
            "_recent": [Circular],
            "_repeat": 0,
            "_sort": false,
            "_tDur": 0,
            "_ts": 1,
            "autoRemoveChildren": true,
            "data": undefined,
            "labels": Object {},
            "smoothChildTiming": true,
            "vars": Object {
              "autoRemoveChildren": true,
              "defaults": Object {
                "delay": 0,
                "duration": 0.5,
                "ease": [Function],
                "overwrite": false,
              },
              "id": "root",
              "smoothChildTiming": true,
              "sortChildren": false,
            },
          },
          "smoothChildTiming": false,
          "vars": Object {},
        },
        "_repeat": 0,
        "_sort": true,
        "_start": 0,
        "_tDur": 0,
        "_ts": 1,
        "autoRemoveChildren": false,
        "data": undefined,
        "labels": Object {},
        "parent": Timeline {
          "_delay": 0,
          "_dirty": 1,
          "_dur": 0,
          "_first": Timeline {
            "_delay": 0,
            "_dp": [Circular],
            "_dur": 0,
            "_end": 0,
            "_next": [Circular],
            "_prev": undefined,
            "_repeat": 0,
            "_sort": true,
            "_start": 0,
            "_tDur": 0,
            "_ts": 1,
            "autoRemoveChildren": false,
            "data": undefined,
            "labels": Object {},
            "parent": [Circular],
            "smoothChildTiming": false,
            "vars": Object {},
          },
          "_last": [Circular],
          "_recent": [Circular],
          "_repeat": 0,
          "_sort": false,
          "_tDur": 0,
          "_ts": 1,
          "autoRemoveChildren": true,
          "data": undefined,
          "labels": Object {},
          "smoothChildTiming": true,
          "vars": Object {
            "autoRemoveChildren": true,
            "defaults": Object {
              "delay": 0,
              "duration": 0.5,
              "ease": [Function],
              "overwrite": false,
            },
            "id": "root",
            "smoothChildTiming": true,
            "sortChildren": false,
          },
        },
        "smoothChildTiming": false,
        "vars": Object {},
      }
    }
  >
    <GifGrid
      category="HxH"
      key="HxH"
    />
  </ol>
</Fragment>
`;

exports[`Prueba de GifExpertApp Hacer match con el snapshot 1`] = `
<Fragment>
  <h2>
     GifExpertApp 
  </h2>
  <AddCategory
    setCategories={[Function]}
  />
  <hr />
</Fragment>
`;
